// Jest Snapshot v1, https://goo.gl/fbAQLP

exports[`Containers / Table should render component 1`] = `
<div>
  <table
    class="sc-jrcTuL cjAEkY"
  >
    <thead>
      <tr>
        <th
          class="sc-kDvujY elESAC"
        >
          Nome
        </th>
        <th
          class="sc-kDvujY elESAC"
        >
          Tipo de transação
        </th>
        <th
          class="sc-kDvujY elESAC"
        >
          Data
        </th>
        <th
          class="sc-kDvujY elESAC"
        >
          Valor
        </th>
      </tr>
    </thead>
    <tbody
      class="sc-csuSiG bGHxya"
      data-testid="table-body"
    >
      <tr>
        <td
          class="sc-ipEyDJ hiGPlu"
          colspan="4"
        >
          05 de Janeiro 2021 de 2021
        </td>
      </tr>
      <tr
        data-testid="table-row"
      >
        <td
          class="sc-ipEyDJ hiGPlu"
          data-header="Nome"
        >
          Test
        </td>
        <td
          class="sc-ipEyDJ hiGPlu"
          data-header="Tipo de transação"
        >
          Pagamento Recebido
        </td>
        <td
          class="sc-ipEyDJ hiGPlu"
          data-header="Data"
        >
          05 Jan 2021 - 18:00:00
        </td>
        <td
          class="sc-ipEyDJ hiGPlu"
          data-header="Valor"
        >
          <span
            class="sc-dkrFOg hyUmhN"
            type="credit"
          >
            + R$ 100,00
          </span>
        </td>
      </tr>
      <tr>
        <td
          class="sc-ipEyDJ hiGPlu"
          colspan="4"
        >
          <span>
            saldo do dia
          </span>
           
          <span>
            R$ 350,00
          </span>
        </td>
      </tr>
    </tbody>
    <tbody
      class="sc-csuSiG bGHxya"
      data-testid="table-body"
    >
      <tr>
        <td
          class="sc-ipEyDJ hiGPlu"
          colspan="4"
        >
          05 de Maio 2021 de 2021
        </td>
      </tr>
      <tr
        data-testid="table-row"
      >
        <td
          class="sc-ipEyDJ hiGPlu"
          data-header="Nome"
        >
          Test
        </td>
        <td
          class="sc-ipEyDJ hiGPlu"
          data-header="Tipo de transação"
        >
          Transferência Realizada
        </td>
        <td
          class="sc-ipEyDJ hiGPlu"
          data-header="Data"
        >
          04 Mai 2021 - 21:00:00
        </td>
        <td
          class="sc-ipEyDJ hiGPlu"
          data-header="Valor"
        >
          <span
            class="sc-dkrFOg bJinoJ"
            type="debit"
          >
            - R$ 10,00
          </span>
        </td>
      </tr>
      <tr
        data-testid="table-row"
      >
        <td
          class="sc-ipEyDJ hiGPlu"
          data-header="Nome"
        >
          Test
        </td>
        <td
          class="sc-ipEyDJ hiGPlu"
          data-header="Tipo de transação"
        >
          Transferência Realizada
        </td>
        <td
          class="sc-ipEyDJ hiGPlu"
          data-header="Data"
        >
          04 Mai 2021 - 22:00:00
        </td>
        <td
          class="sc-ipEyDJ hiGPlu"
          data-header="Valor"
        >
          <span
            class="sc-dkrFOg bJinoJ"
            type="debit"
          >
            - R$ 30,00
          </span>
        </td>
      </tr>
      <tr
        data-testid="table-row"
      >
        <td
          class="sc-ipEyDJ hiGPlu"
          data-header="Nome"
        >
          Test
        </td>
        <td
          class="sc-ipEyDJ hiGPlu"
          data-header="Tipo de transação"
        >
          Transferência Estornada
        </td>
        <td
          class="sc-ipEyDJ hiGPlu"
          data-header="Data"
        >
          04 Mai 2021 - 23:00:00
        </td>
        <td
          class="sc-ipEyDJ hiGPlu"
          data-header="Valor"
        >
          <span
            class="sc-dkrFOg hzfbOS"
            type="refunded"
          >
            R$ 1,00
          </span>
        </td>
      </tr>
      <tr>
        <td
          class="sc-ipEyDJ hiGPlu"
          colspan="4"
        >
          <span>
            saldo do dia
          </span>
           
          <span>
            R$ 250,00
          </span>
        </td>
      </tr>
    </tbody>
    <tbody
      class="sc-csuSiG bGHxya"
      data-testid="table-body"
    >
      <tr>
        <td
          class="sc-ipEyDJ hiGPlu"
          colspan="4"
        >
          07 de Outubro 2020 de 2020
        </td>
      </tr>
      <tr
        data-testid="table-row"
      >
        <td
          class="sc-ipEyDJ hiGPlu"
          data-header="Nome"
        >
          Test
        </td>
        <td
          class="sc-ipEyDJ hiGPlu"
          data-header="Tipo de transação"
        >
          Transferência Realizada
        </td>
        <td
          class="sc-ipEyDJ hiGPlu"
          data-header="Data"
        >
          06 Out 2020 - 21:00:00
        </td>
        <td
          class="sc-ipEyDJ hiGPlu"
          data-header="Valor"
        >
          <span
            class="sc-dkrFOg bJinoJ"
            type="debit"
          >
            - R$ 10,00
          </span>
        </td>
      </tr>
      <tr>
        <td
          class="sc-ipEyDJ hiGPlu"
          colspan="4"
        >
          <span>
            saldo do dia
          </span>
           
          <span>
            R$ 290,00
          </span>
        </td>
      </tr>
    </tbody>
  </table>
</div>
`;
