// Jest Snapshot v1, https://goo.gl/fbAQLP

exports[`Components / InputFilter should render component 1`] = `
<div>
  <fieldset
    class="sc-bcXHqe gUXnDR"
  >
    <div
      class="sc-gswNZR kfjtjk"
    >
      <i>
        icon-mock
      </i>
    </div>
    <input
      class="sc-dkrFOg hEEBVS"
      id="search"
      name="search"
      placeholder="Pesquisar"
      type="text"
    />
  </fieldset>
</div>
`;
