// Jest Snapshot v1, https://goo.gl/fbAQLP

exports[`Presentations / Home should render component 1`] = `
<div>
  <div
    class="sc-ksBlkl fKtBfJ"
  >
    <header
      class="sc-jrcTuL AEVqD"
    >
      <div
        class="sc-gswNZR iKhUPL"
      >
        <h1
          class="sc-kDvujY kndZqW"
        >
          Extrato
        </h1>
      </div>
    </header>
    <main>
      <div
        class="sc-gswNZR iKhUPL"
      >
        <section
          class="sc-pyfCe hBEMOj"
        >
          <fieldset
            class="sc-hLBbgP buESsb"
          >
            <div
              class="sc-eDvSVe HnORa"
            >
              <i>
                icon-mock
              </i>
            </div>
            <input
              class="sc-jSUZER gjFiss"
              id="search"
              name="search"
              placeholder="Pesquisar"
              type="text"
            />
          </fieldset>
          <ul
            class="sc-gKPRtg jTTWzr"
          >
            <li
              class="sc-iBYQkv dETHzI"
            >
              <button
                class="sc-ftTHYK jllEQx"
                type="button"
              >
                Tudo
              </button>
            </li>
            <li
              class="sc-iBYQkv dETHzI"
            >
              <button
                class="sc-ftTHYK bVbavl"
                type="button"
              >
                Entrada
              </button>
            </li>
            <li
              class="sc-iBYQkv dETHzI"
            >
              <button
                class="sc-ftTHYK bVbavl"
                type="button"
              >
                Saída
              </button>
            </li>
            <li
              class="sc-iBYQkv dETHzI"
            >
              <button
                class="sc-ftTHYK bVbavl"
                type="button"
              >
                Futuro
              </button>
            </li>
          </ul>
        </section>
        <table
          class="sc-ipEyDJ igspMa"
        >
          <thead>
            <tr>
              <th
                class="sc-csuSiG efSaHq"
              >
                Nome
              </th>
              <th
                class="sc-csuSiG efSaHq"
              >
                Tipo de transação
              </th>
              <th
                class="sc-csuSiG efSaHq"
              >
                Data
              </th>
              <th
                class="sc-csuSiG efSaHq"
              >
                Valor
              </th>
            </tr>
          </thead>
          <tbody
            class="sc-bqWxrE jawVyC"
            data-testid="table-body"
          >
            <tr>
              <td
                class="sc-eDWCr hNQxpW"
                colspan="4"
              >
                06 de Janeiro 2021 de 2021
              </td>
            </tr>
            <tr
              data-testid="table-row"
            >
              <td
                class="sc-eDWCr hNQxpW"
              >
                José Marques
              </td>
              <td
                class="sc-eDWCr hNQxpW"
              >
                Pagamento Recebido
              </td>
              <td
                class="sc-eDWCr hNQxpW"
              >
                06 Jan 2021 - 18:00:00
              </td>
              <td
                class="sc-eDWCr hNQxpW"
              >
                <span
                  class="sc-dkrFOg hyUmhN"
                  type="credit"
                >
                  + R$ 139,20
                </span>
              </td>
            </tr>
            <tr>
              <td
                class="sc-eDWCr hNQxpW"
                colspan="4"
              >
                <span>
                  saldo do dia
                </span>
                 
                <span>
                  R$ 1.280,00
                </span>
              </td>
            </tr>
          </tbody>
          <tbody
            class="sc-bqWxrE jawVyC"
            data-testid="table-body"
          >
            <tr>
              <td
                class="sc-eDWCr hNQxpW"
                colspan="4"
              >
                15 de Janeiro 2021 de 2021
              </td>
            </tr>
            <tr
              data-testid="table-row"
            >
              <td
                class="sc-eDWCr hNQxpW"
              >
                Alexandre da Silva
              </td>
              <td
                class="sc-eDWCr hNQxpW"
              >
                Transferência Realizada
              </td>
              <td
                class="sc-eDWCr hNQxpW"
              >
                14 Jan 2021 - 21:00:00
              </td>
              <td
                class="sc-eDWCr hNQxpW"
              >
                <span
                  class="sc-dkrFOg bJinoJ"
                  type="debit"
                >
                  - R$ 200,00
                </span>
              </td>
            </tr>
            <tr>
              <td
                class="sc-eDWCr hNQxpW"
                colspan="4"
              >
                <span>
                  saldo do dia
                </span>
                 
                <span>
                  R$ 1.140,80
                </span>
              </td>
            </tr>
          </tbody>
          <tbody
            class="sc-bqWxrE jawVyC"
            data-testid="table-body"
          >
            <tr>
              <td
                class="sc-eDWCr hNQxpW"
                colspan="4"
              >
                17 de Janeiro 2021 de 2021
              </td>
            </tr>
            <tr
              data-testid="table-row"
            >
              <td
                class="sc-eDWCr hNQxpW"
              >
                Lelo Desenv Ltda
              </td>
              <td
                class="sc-eDWCr hNQxpW"
              >
                Transferência Realizada
              </td>
              <td
                class="sc-eDWCr hNQxpW"
              >
                16 Jan 2021 - 21:00:00
              </td>
              <td
                class="sc-eDWCr hNQxpW"
              >
                <span
                  class="sc-dkrFOg bJinoJ"
                  type="debit"
                >
                  - R$ 560,00
                </span>
              </td>
            </tr>
            <tr
              data-testid="table-row"
            >
              <td
                class="sc-eDWCr hNQxpW"
              >
                Lola Camisaria
              </td>
              <td
                class="sc-eDWCr hNQxpW"
              >
                Transferência Realizada
              </td>
              <td
                class="sc-eDWCr hNQxpW"
              >
                16 Jan 2020 - 21:00:00
              </td>
              <td
                class="sc-eDWCr hNQxpW"
              >
                <span
                  class="sc-dkrFOg bJinoJ"
                  type="debit"
                >
                  - R$ 120,00
                </span>
              </td>
            </tr>
            <tr
              data-testid="table-row"
            >
              <td
                class="sc-eDWCr hNQxpW"
              >
                Lelo Desenv Ltda
              </td>
              <td
                class="sc-eDWCr hNQxpW"
              >
                Transferência Estornada
              </td>
              <td
                class="sc-eDWCr hNQxpW"
              >
                16 Jan 2020 - 21:00:00
              </td>
              <td
                class="sc-eDWCr hNQxpW"
              >
                <span
                  class="sc-dkrFOg hzfbOS"
                  type="refunded"
                >
                  R$ 560,00
                </span>
              </td>
            </tr>
            <tr
              data-testid="table-row"
            >
              <td
                class="sc-eDWCr hNQxpW"
              >
                Tereza da Silva
              </td>
              <td
                class="sc-eDWCr hNQxpW"
              >
                Pagamento Recebido
              </td>
              <td
                class="sc-eDWCr hNQxpW"
              >
                17 Jan 2020 - 18:00:00
              </td>
              <td
                class="sc-eDWCr hNQxpW"
              >
                <span
                  class="sc-dkrFOg hyUmhN"
                  type="credit"
                >
                  + R$ 10,00
                </span>
              </td>
            </tr>
            <tr>
              <td
                class="sc-eDWCr hNQxpW"
                colspan="4"
              >
                <span>
                  saldo do dia
                </span>
                 
                <span>
                  R$ 940,80
                </span>
              </td>
            </tr>
          </tbody>
          <tbody
            class="sc-bqWxrE jawVyC"
            data-testid="table-body"
          >
            <tr>
              <td
                class="sc-eDWCr hNQxpW"
                colspan="4"
              >
                20 de Abril 2020 de 2020
              </td>
            </tr>
            <tr
              data-testid="table-row"
            >
              <td
                class="sc-eDWCr hNQxpW"
              >
                Giovanna Bezerra
              </td>
              <td
                class="sc-eDWCr hNQxpW"
              >
                Transferência Realizada
              </td>
              <td
                class="sc-eDWCr hNQxpW"
              >
                19 Abr 2020 - 21:00:00
              </td>
              <td
                class="sc-eDWCr hNQxpW"
              >
                <span
                  class="sc-dkrFOg bJinoJ"
                  type="debit"
                >
                  - R$ 10,00
                </span>
              </td>
            </tr>
            <tr
              data-testid="table-row"
            >
              <td
                class="sc-eDWCr hNQxpW"
              >
                Felipe Garcia
              </td>
              <td
                class="sc-eDWCr hNQxpW"
              >
                Pagamento Recebido
              </td>
              <td
                class="sc-eDWCr hNQxpW"
              >
                20 Abr 2020 - 18:00:00
              </td>
              <td
                class="sc-eDWCr hNQxpW"
              >
                <span
                  class="sc-dkrFOg hyUmhN"
                  type="credit"
                >
                  + R$ 500,00
                </span>
              </td>
            </tr>
            <tr>
              <td
                class="sc-eDWCr hNQxpW"
                colspan="4"
              >
                <span>
                  saldo do dia
                </span>
                 
                <span>
                  R$ 830,80
                </span>
              </td>
            </tr>
          </tbody>
          <tbody
            class="sc-bqWxrE jawVyC"
            data-testid="table-body"
          >
            <tr>
              <td
                class="sc-eDWCr hNQxpW"
                colspan="4"
              >
                24 de Abril 2020 de 2020
              </td>
            </tr>
            <tr
              data-testid="table-row"
            >
              <td
                class="sc-eDWCr hNQxpW"
              >
                Lola Camisaria
              </td>
              <td
                class="sc-eDWCr hNQxpW"
              >
                Transferência Realizada
              </td>
              <td
                class="sc-eDWCr hNQxpW"
              >
                23 Abr 2020 - 21:00:00
              </td>
              <td
                class="sc-eDWCr hNQxpW"
              >
                <span
                  class="sc-dkrFOg bJinoJ"
                  type="debit"
                >
                  - R$ 135,80
                </span>
              </td>
            </tr>
            <tr
              data-testid="table-row"
            >
              <td
                class="sc-eDWCr hNQxpW"
              >
                Felipe
              </td>
              <td
                class="sc-eDWCr hNQxpW"
              >
                Transferência Estornada
              </td>
              <td
                class="sc-eDWCr hNQxpW"
              >
                23 Abr 2020 - 21:00:00
              </td>
              <td
                class="sc-eDWCr hNQxpW"
              >
                <span
                  class="sc-dkrFOg hzfbOS"
                  type="refunded"
                >
                  R$ 25,00
                </span>
              </td>
            </tr>
            <tr>
              <td
                class="sc-eDWCr hNQxpW"
                colspan="4"
              >
                <span>
                  saldo do dia
                </span>
                 
                <span>
                  R$ 1.320,80
                </span>
              </td>
            </tr>
          </tbody>
          <tbody
            class="sc-bqWxrE jawVyC"
            data-testid="table-body"
          >
            <tr>
              <td
                class="sc-eDWCr hNQxpW"
                colspan="4"
              >
                28 de Maio 2020 de 2020
              </td>
            </tr>
            <tr
              data-testid="table-row"
            >
              <td
                class="sc-eDWCr hNQxpW"
              >
                Lola Camisaria
              </td>
              <td
                class="sc-eDWCr hNQxpW"
              >
                Transferência Estornada
              </td>
              <td
                class="sc-eDWCr hNQxpW"
              >
                27 Jan 2020 - 21:00:00
              </td>
              <td
                class="sc-eDWCr hNQxpW"
              >
                <span
                  class="sc-dkrFOg bJinoJ"
                  type="debit"
                >
                  - R$ 338,50
                </span>
              </td>
            </tr>
            <tr
              data-testid="table-row"
            >
              <td
                class="sc-eDWCr hNQxpW"
              >
                Lelo Desenv Ltda
              </td>
              <td
                class="sc-eDWCr hNQxpW"
              >
                Transferência Estornada
              </td>
              <td
                class="sc-eDWCr hNQxpW"
              >
                27 Jan 2020 - 21:00:00
              </td>
              <td
                class="sc-eDWCr hNQxpW"
              >
                <span
                  class="sc-dkrFOg bJinoJ"
                  type="debit"
                >
                  - R$ 500,00
                </span>
              </td>
            </tr>
            <tr>
              <td
                class="sc-eDWCr hNQxpW"
                colspan="4"
              >
                <span>
                  saldo do dia
                </span>
                 
                <span>
                  R$ 1.210,00
                </span>
              </td>
            </tr>
          </tbody>
          <tbody
            class="sc-bqWxrE jawVyC"
            data-testid="table-body"
          >
            <tr>
              <td
                class="sc-eDWCr hNQxpW"
                colspan="4"
              >
                30 de Junho 2020 de 2020
              </td>
            </tr>
            <tr
              data-testid="table-row"
            >
              <td
                class="sc-eDWCr hNQxpW"
              >
                Lelo Desenv Ltda
              </td>
              <td
                class="sc-eDWCr hNQxpW"
              >
                Transferência Estornada
              </td>
              <td
                class="sc-eDWCr hNQxpW"
              >
                29 Jan 2020 - 21:00:00
              </td>
              <td
                class="sc-eDWCr hNQxpW"
              >
                <span
                  class="sc-dkrFOg bJinoJ"
                  type="debit"
                >
                  - R$ 280,50
                </span>
              </td>
            </tr>
            <tr>
              <td
                class="sc-eDWCr hNQxpW"
                colspan="4"
              >
                <span>
                  saldo do dia
                </span>
                 
                <span>
                  R$ 371,50
                </span>
              </td>
            </tr>
          </tbody>
        </table>
      </div>
    </main>
  </div>
</div>
`;
